
> allajnah-enhanced-frontend@0.0.0 test:smoke
> playwright test tests/smoke.test.js


Running 10 tests using 4 workers

[1A[2K[1/10] [chromium] › tests/smoke.test.js:133:5 › Frontend Smoke Tests › /login page › should load /login page without JavaScript exceptions
[1A[2K[2/10] [chromium] › tests/smoke.test.js:73:5 › Frontend Smoke Tests › /setup page › should display setup form fields correctly
[1A[2K[3/10] [chromium] › tests/smoke.test.js:93:5 › Frontend Smoke Tests › /setup page › should handle validation errors correctly
[1A[2K  1) [chromium] › tests/smoke.test.js:133:5 › Frontend Smoke Tests › /login page › should load /login page without JavaScript exceptions 

    Error: browserType.launch: 
    ╔══════════════════════════════════════════════════════╗
    ║ Host system is missing dependencies to run browsers. ║
    ║ Please install them with the following command:      ║
    ║                                                      ║
    ║     sudo npx playwright install-deps                 ║
    ║                                                      ║
    ║ Alternatively, use apt:                              ║
    ║     sudo apt-get install libglib2.0-0t64\            ║
    ║         libnspr4\                                    ║
    ║         libnss3\                                     ║
    ║         libdbus-1-3\                                 ║
    ║         libatk1.0-0t64\                              ║
    ║         libatk-bridge2.0-0t64\                       ║
    ║         libatspi2.0-0t64\                            ║
    ║         libx11-6\                                    ║
    ║         libxcomposite1\                              ║
    ║         libxdamage1\                                 ║
    ║         libxext6\                                    ║
    ║         libxfixes3\                                  ║
    ║         libxrandr2\                                  ║
    ║         libgbm1\                                     ║
    ║         libxcb1\                                     ║
    ║         libxkbcommon0\                               ║
    ║         libasound2t64                                ║
    ║                                                      ║
    ║ <3 Playwright Team                                   ║
    ╚══════════════════════════════════════════════════════╝


[1A[2K  2) [chromium] › tests/smoke.test.js:73:5 › Frontend Smoke Tests › /setup page › should display setup form fields correctly 

    Error: browserType.launch: 
    ╔══════════════════════════════════════════════════════╗
    ║ Host system is missing dependencies to run browsers. ║
    ║ Please install them with the following command:      ║
    ║                                                      ║
    ║     sudo npx playwright install-deps                 ║
    ║                                                      ║
    ║ Alternatively, use apt:                              ║
    ║     sudo apt-get install libglib2.0-0t64\            ║
    ║         libnspr4\                                    ║
    ║         libnss3\                                     ║
    ║         libdbus-1-3\                                 ║
    ║         libatk1.0-0t64\                              ║
    ║         libatk-bridge2.0-0t64\                       ║
    ║         libatspi2.0-0t64\                            ║
    ║         libx11-6\                                    ║
    ║         libxcomposite1\                              ║
    ║         libxdamage1\                                 ║
    ║         libxext6\                                    ║
    ║         libxfixes3\                                  ║
    ║         libxrandr2\                                  ║
    ║         libgbm1\                                     ║
    ║         libxcb1\                                     ║
    ║         libxkbcommon0\                               ║
    ║         libasound2t64                                ║
    ║                                                      ║
    ║ <3 Playwright Team                                   ║
    ╚══════════════════════════════════════════════════════╝


[1A[2K[4/10] [chromium] › tests/smoke.test.js:55:5 › Frontend Smoke Tests › /setup page › should load /setup page without JavaScript exceptions
[1A[2K  3) [chromium] › tests/smoke.test.js:93:5 › Frontend Smoke Tests › /setup page › should handle validation errors correctly 

    Error: browserType.launch: 
    ╔══════════════════════════════════════════════════════╗
    ║ Host system is missing dependencies to run browsers. ║
    ║ Please install them with the following command:      ║
    ║                                                      ║
    ║     sudo npx playwright install-deps                 ║
    ║                                                      ║
    ║ Alternatively, use apt:                              ║
    ║     sudo apt-get install libglib2.0-0t64\            ║
    ║         libnspr4\                                    ║
    ║         libnss3\                                     ║
    ║         libdbus-1-3\                                 ║
    ║         libatk1.0-0t64\                              ║
    ║         libatk-bridge2.0-0t64\                       ║
    ║         libatspi2.0-0t64\                            ║
    ║         libx11-6\                                    ║
    ║         libxcomposite1\                              ║
    ║         libxdamage1\                                 ║
    ║         libxext6\                                    ║
    ║         libxfixes3\                                  ║
    ║         libxrandr2\                                  ║
    ║         libgbm1\                                     ║
    ║         libxcb1\                                     ║
    ║         libxkbcommon0\                               ║
    ║         libasound2t64                                ║
    ║                                                      ║
    ║ <3 Playwright Team                                   ║
    ╚══════════════════════════════════════════════════════╝


[1A[2K  4) [chromium] › tests/smoke.test.js:55:5 › Frontend Smoke Tests › /setup page › should load /setup page without JavaScript exceptions 

    Error: browserType.launch: 
    ╔══════════════════════════════════════════════════════╗
    ║ Host system is missing dependencies to run browsers. ║
    ║ Please install them with the following command:      ║
    ║                                                      ║
    ║     sudo npx playwright install-deps                 ║
    ║                                                      ║
    ║ Alternatively, use apt:                              ║
    ║     sudo apt-get install libglib2.0-0t64\            ║
    ║         libnspr4\                                    ║
    ║         libnss3\                                     ║
    ║         libdbus-1-3\                                 ║
    ║         libatk1.0-0t64\                              ║
    ║         libatk-bridge2.0-0t64\                       ║
    ║         libatspi2.0-0t64\                            ║
    ║         libx11-6\                                    ║
    ║         libxcomposite1\                              ║
    ║         libxdamage1\                                 ║
    ║         libxext6\                                    ║
    ║         libxfixes3\                                  ║
    ║         libxrandr2\                                  ║
    ║         libgbm1\                                     ║
    ║         libxcb1\                                     ║
    ║         libxkbcommon0\                               ║
    ║         libasound2t64                                ║
    ║                                                      ║
    ║ <3 Playwright Team                                   ║
    ╚══════════════════════════════════════════════════════╝


[1A[2K[5/10] [chromium] › tests/smoke.test.js:151:5 › Frontend Smoke Tests › /login page › should display login form fields correctly
[1A[2K[6/10] [chromium] › tests/smoke.test.js:212:5 › Frontend Smoke Tests › 4xx Error Handling › should display correct error message on 404 (Not Found)
[1A[2K[7/10] [chromium] › tests/smoke.test.js:173:5 › Frontend Smoke Tests › 4xx Error Handling › should display correct error message on 401 (Unauthorized)
[1A[2K  5) [chromium] › tests/smoke.test.js:151:5 › Frontend Smoke Tests › /login page › should display login form fields correctly 

    Error: browserType.launch: 
    ╔══════════════════════════════════════════════════════╗
    ║ Host system is missing dependencies to run browsers. ║
    ║ Please install them with the following command:      ║
    ║                                                      ║
    ║     sudo npx playwright install-deps                 ║
    ║                                                      ║
    ║ Alternatively, use apt:                              ║
    ║     sudo apt-get install libglib2.0-0t64\            ║
    ║         libnspr4\                                    ║
    ║         libnss3\                                     ║
    ║         libdbus-1-3\                                 ║
    ║         libatk1.0-0t64\                              ║
    ║         libatk-bridge2.0-0t64\                       ║
    ║         libatspi2.0-0t64\                            ║
    ║         libx11-6\                                    ║
    ║         libxcomposite1\                              ║
    ║         libxdamage1\                                 ║
    ║         libxext6\                                    ║
    ║         libxfixes3\                                  ║
    ║         libxrandr2\                                  ║
    ║         libgbm1\                                     ║
    ║         libxcb1\                                     ║
    ║         libxkbcommon0\                               ║
    ║         libasound2t64                                ║
    ║                                                      ║
    ║ <3 Playwright Team                                   ║
    ╚══════════════════════════════════════════════════════╝


[1A[2K[8/10] [chromium] › tests/smoke.test.js:225:5 › Frontend Smoke Tests › 4xx Error Handling › should handle 400 (Bad Request) with user-friendly message
[1A[2K  6) [chromium] › tests/smoke.test.js:212:5 › Frontend Smoke Tests › 4xx Error Handling › should display correct error message on 404 (Not Found) 

    Error: browserType.launch: 
    ╔══════════════════════════════════════════════════════╗
    ║ Host system is missing dependencies to run browsers. ║
    ║ Please install them with the following command:      ║
    ║                                                      ║
    ║     sudo npx playwright install-deps                 ║
    ║                                                      ║
    ║ Alternatively, use apt:                              ║
    ║     sudo apt-get install libglib2.0-0t64\            ║
    ║         libnspr4\                                    ║
    ║         libnss3\                                     ║
    ║         libdbus-1-3\                                 ║
    ║         libatk1.0-0t64\                              ║
    ║         libatk-bridge2.0-0t64\                       ║
    ║         libatspi2.0-0t64\                            ║
    ║         libx11-6\                                    ║
    ║         libxcomposite1\                              ║
    ║         libxdamage1\                                 ║
    ║         libxext6\                                    ║
    ║         libxfixes3\                                  ║
    ║         libxrandr2\                                  ║
    ║         libgbm1\                                     ║
    ║         libxcb1\                                     ║
    ║         libxkbcommon0\                               ║
    ║         libasound2t64                                ║
    ║                                                      ║
    ║ <3 Playwright Team                                   ║
    ╚══════════════════════════════════════════════════════╝


[1A[2K  7) [chromium] › tests/smoke.test.js:173:5 › Frontend Smoke Tests › 4xx Error Handling › should display correct error message on 401 (Unauthorized) 

    Error: browserType.launch: 
    ╔══════════════════════════════════════════════════════╗
    ║ Host system is missing dependencies to run browsers. ║
    ║ Please install them with the following command:      ║
    ║                                                      ║
    ║     sudo npx playwright install-deps                 ║
    ║                                                      ║
    ║ Alternatively, use apt:                              ║
    ║     sudo apt-get install libglib2.0-0t64\            ║
    ║         libnspr4\                                    ║
    ║         libnss3\                                     ║
    ║         libdbus-1-3\                                 ║
    ║         libatk1.0-0t64\                              ║
    ║         libatk-bridge2.0-0t64\                       ║
    ║         libatspi2.0-0t64\                            ║
    ║         libx11-6\                                    ║
    ║         libxcomposite1\                              ║
    ║         libxdamage1\                                 ║
    ║         libxext6\                                    ║
    ║         libxfixes3\                                  ║
    ║         libxrandr2\                                  ║
    ║         libgbm1\                                     ║
    ║         libxcb1\                                     ║
    ║         libxkbcommon0\                               ║
    ║         libasound2t64                                ║
    ║                                                      ║
    ║ <3 Playwright Team                                   ║
    ╚══════════════════════════════════════════════════════╝


[1A[2K  8) [chromium] › tests/smoke.test.js:225:5 › Frontend Smoke Tests › 4xx Error Handling › should handle 400 (Bad Request) with user-friendly message 

    Error: browserType.launch: 
    ╔══════════════════════════════════════════════════════╗
    ║ Host system is missing dependencies to run browsers. ║
    ║ Please install them with the following command:      ║
    ║                                                      ║
    ║     sudo npx playwright install-deps                 ║
    ║                                                      ║
    ║ Alternatively, use apt:                              ║
    ║     sudo apt-get install libglib2.0-0t64\            ║
    ║         libnspr4\                                    ║
    ║         libnss3\                                     ║
    ║         libdbus-1-3\                                 ║
    ║         libatk1.0-0t64\                              ║
    ║         libatk-bridge2.0-0t64\                       ║
    ║         libatspi2.0-0t64\                            ║
    ║         libx11-6\                                    ║
    ║         libxcomposite1\                              ║
    ║         libxdamage1\                                 ║
    ║         libxext6\                                    ║
    ║         libxfixes3\                                  ║
    ║         libxrandr2\                                  ║
    ║         libgbm1\                                     ║
    ║         libxcb1\                                     ║
    ║         libxkbcommon0\                               ║
    ║         libasound2t64                                ║
    ║                                                      ║
    ║ <3 Playwright Team                                   ║
    ╚══════════════════════════════════════════════════════╝


[1A[2K[9/10] [chromium] › tests/smoke.test.js:268:5 › Frontend Smoke Tests › Cross-page Navigation › should navigate from /setup to /login without errors
[1A[2K[10/10] [chromium] › tests/smoke.test.js:294:5 › Frontend Smoke Tests › Cross-page Navigation › should navigate from /login to /setup without errors
[1A[2K  9) [chromium] › tests/smoke.test.js:268:5 › Frontend Smoke Tests › Cross-page Navigation › should navigate from /setup to /login without errors 

    Error: browserType.launch: 
    ╔══════════════════════════════════════════════════════╗
    ║ Host system is missing dependencies to run browsers. ║
    ║ Please install them with the following command:      ║
    ║                                                      ║
    ║     sudo npx playwright install-deps                 ║
    ║                                                      ║
    ║ Alternatively, use apt:                              ║
    ║     sudo apt-get install libglib2.0-0t64\            ║
    ║         libnspr4\                                    ║
    ║         libnss3\                                     ║
    ║         libdbus-1-3\                                 ║
    ║         libatk1.0-0t64\                              ║
    ║         libatk-bridge2.0-0t64\                       ║
    ║         libatspi2.0-0t64\                            ║
    ║         libx11-6\                                    ║
    ║         libxcomposite1\                              ║
    ║         libxdamage1\                                 ║
    ║         libxext6\                                    ║
    ║         libxfixes3\                                  ║
    ║         libxrandr2\                                  ║
    ║         libgbm1\                                     ║
    ║         libxcb1\                                     ║
    ║         libxkbcommon0\                               ║
    ║         libasound2t64                                ║
    ║                                                      ║
    ║ <3 Playwright Team                                   ║
    ╚══════════════════════════════════════════════════════╝


[1A[2K  10) [chromium] › tests/smoke.test.js:294:5 › Frontend Smoke Tests › Cross-page Navigation › should navigate from /login to /setup without errors 

    Error: browserType.launch: 
    ╔══════════════════════════════════════════════════════╗
    ║ Host system is missing dependencies to run browsers. ║
    ║ Please install them with the following command:      ║
    ║                                                      ║
    ║     sudo npx playwright install-deps                 ║
    ║                                                      ║
    ║ Alternatively, use apt:                              ║
    ║     sudo apt-get install libglib2.0-0t64\            ║
    ║         libnspr4\                                    ║
    ║         libnss3\                                     ║
    ║         libdbus-1-3\                                 ║
    ║         libatk1.0-0t64\                              ║
    ║         libatk-bridge2.0-0t64\                       ║
    ║         libatspi2.0-0t64\                            ║
    ║         libx11-6\                                    ║
    ║         libxcomposite1\                              ║
    ║         libxdamage1\                                 ║
    ║         libxext6\                                    ║
    ║         libxfixes3\                                  ║
    ║         libxrandr2\                                  ║
    ║         libgbm1\                                     ║
    ║         libxcb1\                                     ║
    ║         libxkbcommon0\                               ║
    ║         libasound2t64                                ║
    ║                                                      ║
    ║ <3 Playwright Team                                   ║
    ╚══════════════════════════════════════════════════════╝


[1A[2K  10 failed
    [chromium] › tests/smoke.test.js:55:5 › Frontend Smoke Tests › /setup page › should load /setup page without JavaScript exceptions 
    [chromium] › tests/smoke.test.js:73:5 › Frontend Smoke Tests › /setup page › should display setup form fields correctly 
    [chromium] › tests/smoke.test.js:93:5 › Frontend Smoke Tests › /setup page › should handle validation errors correctly 
    [chromium] › tests/smoke.test.js:133:5 › Frontend Smoke Tests › /login page › should load /login page without JavaScript exceptions 
    [chromium] › tests/smoke.test.js:151:5 › Frontend Smoke Tests › /login page › should display login form fields correctly 
    [chromium] › tests/smoke.test.js:173:5 › Frontend Smoke Tests › 4xx Error Handling › should display correct error message on 401 (Unauthorized) 
    [chromium] › tests/smoke.test.js:212:5 › Frontend Smoke Tests › 4xx Error Handling › should display correct error message on 404 (Not Found) 
    [chromium] › tests/smoke.test.js:225:5 › Frontend Smoke Tests › 4xx Error Handling › should handle 400 (Bad Request) with user-friendly message 
    [chromium] › tests/smoke.test.js:268:5 › Frontend Smoke Tests › Cross-page Navigation › should navigate from /setup to /login without errors 
    [chromium] › tests/smoke.test.js:294:5 › Frontend Smoke Tests › Cross-page Navigation › should navigate from /login to /setup without errors 

[36m  Serving HTML report at http://localhost:9323. Press Ctrl+C to quit.[39m
